Resolving dependencies...
Downloading packages...
  app_links 6.4.1 (7.0.0 available)
  archive 4.0.7 (4.0.9 available)
  camera 0.11.3 (0.12.0 available)
  camera_android_camerax 0.6.29 (0.7.1 available)
  camera_avfoundation 0.9.22+9 (0.10.1 available)
  characters 1.4.0 (1.4.1 available)
  cross_file 0.3.5+1 (0.3.5+2 available)
  device_info_plus 11.5.0 (12.3.0 available)
  ffi 2.1.5 (2.2.0 available)
  flutter_lints 5.0.0 (6.0.0 available)
  google_mlkit_commons 0.11.0 (0.11.1 available)
  google_mlkit_face_detection 0.13.1 (0.13.2 available)
  google_mlkit_pose_detection 0.14.0 (0.14.1 available)
  google_sign_in_android 7.2.7 (7.2.9 available)
  google_sign_in_ios 6.2.5 (6.3.0 available)
  google_sign_in_web 1.1.0 (1.1.2 available)
  image 4.7.2 (4.8.0 available)
  image_picker_android 0.8.13+13 (0.8.13+14 available)
  image_picker_ios 0.8.13+3 (0.8.13+6 available)
  in_app_purchase_storekit 0.4.7 (0.4.8 available)
  json_annotation 4.10.0 (4.11.0 available)
  lints 5.1.1 (6.1.0 available)
  matcher 0.12.17 (0.12.19 available)
  material_color_utilities 0.11.1 (0.13.0 available)
  meta 1.16.0 (1.18.1 available)
  path_provider_foundation 2.5.1 (2.6.0 available)
  petitparser 7.0.1 (7.0.2 available)
  posix 6.0.3 (6.5.0 available)
  shared_preferences_android 2.4.20 (2.4.21 available)
  source_span 1.10.1 (1.10.2 available)
  test_api 0.7.6 (0.7.10 available)
  url_launcher_ios 6.3.6 (6.4.1 available)
  url_launcher_web 2.4.1 (2.4.2 available)
  win32 5.15.0 (6.0.0 available)
  win32_registry 2.1.0 (3.0.2 available)
Got dependencies!
35 packages have newer versions incompatible with dependency constraints.
Try `flutter pub outdated` for more information.
Analyzing muscle_mirror...                                      

  error - Unterminated string literal - lib\screens\detailed_tab.dart:37:81 - unterminated_string_literal
  error - Expected to find ',' - lib\screens\detailed_tab.dart:38:9 - expected_token
  error - Unterminated string literal - lib\screens\detailed_tab.dart:39:97 - unterminated_string_literal
  error - Expected to find ',' - lib\screens\detailed_tab.dart:40:11 - expected_token
  error - Too many positional arguments: 0 expected, but 3 found - lib\screens\detailed_tab.dart:40:11 - extra_positional_arguments
  error - Unterminated string literal - lib\screens\detailed_tab.dart:42:81 - unterminated_string_literal
  error - Expected to find ')' - lib\screens\detailed_tab.dart:43:9 - expected_token
  error - Unterminated string literal - lib\screens\detailed_tab.dart:68:61 - unterminated_string_literal
  error - Expected to find ',' - lib\screens\detailed_tab.dart:69:11 - expected_token
  error - Expected an identifier - lib\screens\detailed_tab.dart:89:11 - missing_identifier
  error - Expected to find ')' - lib\screens\detailed_tab.dart:89:11 - expected_token
  error - Expected to find ',' - lib\screens\detailed_tab.dart:89:11 - expected_token
  error - Unterminated string literal - lib\screens\detailed_tab.dart:164:32 - unterminated_string_literal
  error - Expected to find ',' - lib\screens\detailed_tab.dart:165:15 - expected_token
  error - Unterminated string literal - lib\screens\detailed_tab.dart:210:60 - unterminated_string_literal
  error - Expected to find ',' - lib\screens\detailed_tab.dart:211:17 - expected_token
  error - Methods can't be invoked in constant expressions - lib\screens\detailed_tab.dart:211:24 - const_eval_method_invocation
  error - The argument type 'ButtonStyle' can't be assigned to the parameter type 'TextStyle?'.  - lib\screens\detailed_tab.dart:211:24 - argument_type_not_assignable
   info - Unnecessary 'const' keyword - lib\screens\detailed_tab.dart:212:28 - unnecessary_const
  error - The constructor being called isn't a const constructor - lib\screens\detailed_tab.dart:214:35 - const_with_non_const
  error - Expected to find ')' - lib\screens\detailed_tab.dart:219:11 - expected_token
   info - 'translate' is deprecated and shouldn't be used. Use translateByVector3, translateByVector4, or translateByDouble instead - lib\screens\detailed_tab.dart:350:9 - deprecated_member_use
   info - 'scale' is deprecated and shouldn't be used. Use scaleByVector3, scaleByVector4, or scaleByDouble instead - lib\screens\detailed_tab.dart:351:9 - deprecated_member_use
  error - Unterminated string literal - lib\screens\detailed_tab.dart:451:45 - unterminated_string_literal
  error - Expected to find ',' - lib\screens\detailed_tab.dart:452:33 - expected_token
   info - The import of 'package:camera/camera.dart' is unnecessary because all of the used elements are also provided by the import of 'package:image_picker/image_picker.dart' - lib\screens\diagnosis_screen.dart:3:8 - unnecessary_import
   info - 'withOpacity' is deprecated and shouldn't be used. Use .withValues() to avoid precision loss - lib\screens\diagnosis_screen.dart:401:31 - deprecated_member_use
   info - 'withOpacity' is deprecated and shouldn't be used. Use .withValues() to avoid precision loss - lib\screens\diagnosis_screen.dart:435:59 - deprecated_member_use
   info - 'withOpacity' is deprecated and shouldn't be used. Use .withValues() to avoid precision loss - lib\screens\diagnosis_screen.dart:450:59 - deprecated_member_use
   info - 'withOpacity' is deprecated and shouldn't be used. Use .withValues() to avoid precision loss - lib\screens\diagnosis_screen.dart:466:54 - deprecated_member_use
   info - 'withOpacity' is deprecated and shouldn't be used. Use .withValues() to avoid precision loss - lib\screens\diagnosis_screen.dart:467:54 - deprecated_member_use
   info - 'withOpacity' is deprecated and shouldn't be used. Use .withValues() to avoid precision loss - lib\screens\diagnosis_screen.dart:468:54 - deprecated_member_use
   info - 'withOpacity' is deprecated and shouldn't be used. Use .withValues() to avoid precision loss - lib\screens\diagnosis_screen.dart:597:30 - deprecated_member_use
   info - 'withOpacity' is deprecated and shouldn't be used. Use .withValues() to avoid precision loss - lib\screens\diagnosis_screen.dart:598:30 - deprecated_member_use
   info - 'withOpacity' is deprecated and shouldn't be used. Use .withValues() to avoid precision loss - lib\screens\diagnosis_screen.dart:599:30 - deprecated_member_use
   info - 'withOpacity' is deprecated and shouldn't be used. Use .withValues() to avoid precision loss - lib\screens\diagnosis_screen.dart:617:36 - deprecated_member_use
  error - Unterminated string literal - lib\screens\history_tab.dart:31:42 - unterminated_string_literal
  error - Expected to find ',' - lib\screens\history_tab.dart:32:15 - expected_token
  error - Unterminated string literal - lib\screens\history_tab.dart:66:75 - unterminated_string_literal
  error - Expected to find ',' - lib\screens\history_tab.dart:67:9 - expected_token
  error - The named parameter 'actions' isn't defined - lib\screens\history_tab.dart:67:9 - undefined_named_parameter
  error - Invalid constant value - lib\screens\history_tab.dart:69:24 - invalid_constant
   info - Unnecessary 'const' keyword - lib\screens\history_tab.dart:70:20 - unnecessary_const
   info - Unnecessary 'const' keyword - lib\screens\history_tab.dart:80:20 - unnecessary_const
  error - Expected to find ')' - lib\screens\history_tab.dart:84:6 - expected_token
   info - Don't use 'BuildContext's across async gaps, guarded by an unrelated 'mounted' check - lib\screens\home_screen.dart:127:28 - use_build_context_synchronously
   info - Don't use 'BuildContext's across async gaps, guarded by an unrelated 'mounted' check - lib\screens\home_screen.dart:145:15 - use_build_context_synchronously
   info - Don't use 'BuildContext's across async gaps, guarded by an unrelated 'mounted' check - lib\screens\home_screen.dart:165:13 - use_build_context_synchronously
   info - Don't use 'BuildContext's across async gaps, guarded by an unrelated 'mounted' check - lib\screens\home_screen.dart:223:30 - use_build_context_synchronously
   info - Don't use 'BuildContext's across async gaps, guarded by an unrelated 'mounted' check - lib\screens\home_screen.dart:228:19 - use_build_context_synchronously
   info - Don't use 'BuildContext's across async gaps, guarded by an unrelated 'mounted' check - lib\screens\home_screen.dart:232:19 - use_build_context_synchronously
   info - Don't use 'BuildContext's across async gaps - lib\screens\home_screen.dart:263:39 - use_build_context_synchronously
   info - Don't use 'BuildContext's across async gaps - lib\screens\home_screen.dart:306:9 - use_build_context_synchronously
   info - The imported package 'in_app_purchase_android' isn't a dependency of the importing package - lib\screens\subscription_page.dart:3:8 - depend_on_referenced_packages
   info - 'surfaceVariant' is deprecated and shouldn't be used. Use surfaceContainerHighest instead. This feature was deprecated after v3.18.0-0.1.pre - lib\screens\subscription_page.dart:270:44 - deprecated_member_use
   info - Don't use 'BuildContext's across async gaps, guarded by an unrelated 'mounted' check - lib\screens\subscription_page.dart:386:42 - use_build_context_synchronously
   info - Don't use 'BuildContext's across async gaps, guarded by an unrelated 'mounted' check - lib\screens\subscription_page.dart:392:42 - use_build_context_synchronously
   info - 'ephemeralIntentFlags' is deprecated and shouldn't be used. Use [preferEphemeral] - lib\services\auth_service.dart:110:26 - deprecated_member_use
   info - Don't invoke 'print' in production code - lib\services\auth_service.dart:116:9 - avoid_print
   info - 'ephemeralIntentFlags' is deprecated and shouldn't be used. Use [preferEphemeral] - lib\services\auth_service.dart:280:24 - deprecated_member_use
   info - Don't invoke 'print' in production code - lib\services\auth_service.dart:332:9 - avoid_print
   info - Don't invoke 'print' in production code - lib\services\auth_service.dart:335:7 - avoid_print
   info - The imported package 'in_app_purchase_android' isn't a dependency of the importing package - lib\services\billing_service.dart:4:8 - depend_on_referenced_packages
   info - The import of 'dart:typed_data' is unnecessary because all of the used elements are also provided by the import of 'package:flutter/foundation.dart' - lib\services\gemini_service.dart:2:8 - unnecessary_import
   info - Don't invoke 'print' in production code - lib\services\history_service.dart:32:7 - avoid_print
   info - Don't invoke 'print' in production code - lib\services\pose_service.dart:284:7 - avoid_print
   info - 'withOpacity' is deprecated and shouldn't be used. Use .withValues() to avoid precision loss - lib\widgets\body_highlight_painter.dart:232:29 - deprecated_member_use
   info - 'withOpacity' is deprecated and shouldn't be used. Use .withValues() to avoid precision loss - lib\widgets\body_highlight_painter.dart:238:31 - deprecated_member_use

